Component: ARM Compiler 5.06 update 6 (build 750) Tool: armlink [4d35ed]

==============================================================================

Section Cross References

    usbcore.o(.text) refers to usbhw.o(.text) for USB_ReadEP
    usbcore.o(.text) refers to usbcore.o(i.USB_ReqGetStatus) for USB_ReqGetStatus
    usbcore.o(.text) refers to usbcore.o(i.USB_ReqSetClrFeature) for USB_ReqSetClrFeature
    usbcore.o(.text) refers to usbcore.o(i.USB_ReqGetDescriptor) for USB_ReqGetDescriptor
    usbcore.o(.text) refers to usbcore.o(i.USB_ReqSetConfiguration) for USB_ReqSetConfiguration
    usbcore.o(.text) refers to usbuser.o(.text) for USB_Configure_Event
    usbcore.o(.text) refers to usbcore.o(i.USB_ReqSetInterface) for USB_ReqSetInterface
    usbcore.o(.text) refers to mscuser.o(.text) for MSC_Reset
    usbcore.o(.text) refers to usbcore.o(.data) for USB_DeviceStatus
    usbhw.o(.text) refers to usbhw.o(.data) for DDMemMap
    usbhw.o(.text) refers to usbhw.o(.bss) for udca
    usbhw.o(.text) refers to usbhw.o(USB_RAM) for UDCA
    usbhw.o(.text) refers to usbcore.o(.data) for USB_DeviceStatus
    usbhw.o(.text) refers to usbuser.o(.text) for USB_Reset_Event
    usbhw.o(.text) refers to usbhw.o(.constdata) for DDAdr
    usbhw.o(.text) refers to usbuser.o(.constdata) for USB_P_EP
    usbuser.o(.text) refers to usbcore.o(.text) for USB_ResetCore
    usbuser.o(.text) refers to mscuser.o(.text) for MSC_BulkOut
    usbuser.o(.text) refers to usbhw.o(.text) for USB_DMA_Setup
    usbuser.o(.text) refers to mscuser.o(USB_RAM) for BulkBuf
    usbuser.o(.constdata) refers to usbcore.o(.text) for USB_EndPoint0
    usbuser.o(.constdata) refers to usbuser.o(.text) for USB_EndPoint2
    mscuser.o(.text) refers to usbhw.o(.text) for USB_SetStallEP
    mscuser.o(.text) refers to usbcore.o(.data) for USB_EndPointHalt
    mscuser.o(.text) refers to mscuser.o(USB_RAM) for CSW
    mscuser.o(.text) refers to mscuser.o(.data) for BulkStage
    mscuser.o(.text) refers to mscuser.o(.bss) for Memory
    memory.o(.text) refers to system_lpc17xx.o(.text) for SystemClockUpdate
    memory.o(.text) refers to usbhw.o(.text) for USB_Init
    memory.o(.text) refers to diskimg.o(.constdata) for DiskImage
    memory.o(.text) refers to mscuser.o(.bss) for Memory
    startup_lpc17xx.o(STACK) refers (Special) to heapauxi.o(.text) for __use_two_region_memory
    startup_lpc17xx.o(HEAP) refers (Special) to heapauxi.o(.text) for __use_two_region_memory
    startup_lpc17xx.o(RESET) refers (Special) to heapauxi.o(.text) for __use_two_region_memory
    startup_lpc17xx.o(RESET) refers to startup_lpc17xx.o(STACK) for __initial_sp
    startup_lpc17xx.o(RESET) refers to startup_lpc17xx.o(.text) for Reset_Handler
    startup_lpc17xx.o(RESET) refers to usbhw.o(.text) for USB_IRQHandler
    startup_lpc17xx.o(.text) refers (Special) to heapauxi.o(.text) for __use_two_region_memory
    startup_lpc17xx.o(.text) refers to system_lpc17xx.o(.text) for SystemInit
    startup_lpc17xx.o(.text) refers to __main.o(!!!main) for __main
    startup_lpc17xx.o(.text) refers to startup_lpc17xx.o(HEAP) for Heap_Mem
    startup_lpc17xx.o(.text) refers to startup_lpc17xx.o(STACK) for Stack_Mem
    system_lpc17xx.o(.text) refers to system_lpc17xx.o(.data) for SystemFrequency
    __main.o(!!!main) refers to __rtentry.o(.ARM.Collect$$rtentry$$00000000) for __rt_entry
    __rtentry.o(.ARM.Collect$$rtentry$$00000000) refers (Special) to __rtentry2.o(.ARM.Collect$$rtentry$$0000000A) for __rt_entry_li
    __rtentry.o(.ARM.Collect$$rtentry$$00000000) refers (Special) to __rtentry2.o(.ARM.Collect$$rtentry$$0000000D) for __rt_entry_main
    __rtentry.o(.ARM.Collect$$rtentry$$00000000) refers (Special) to __rtentry2.o(.ARM.Collect$$rtentry$$0000000C) for __rt_entry_postli_1
    __rtentry.o(.ARM.Collect$$rtentry$$00000000) refers (Special) to __rtentry2.o(.ARM.Collect$$rtentry$$00000009) for __rt_entry_postsh_1
    __rtentry.o(.ARM.Collect$$rtentry$$00000000) refers (Special) to __rtentry2.o(.ARM.Collect$$rtentry$$00000002) for __rt_entry_presh_1
    __rtentry.o(.ARM.Collect$$rtentry$$00000000) refers (Special) to __rtentry4.o(.ARM.Collect$$rtentry$$00000004) for __rt_entry_sh
    __rtentry2.o(.ARM.Collect$$rtentry$$00000008) refers to boardinit2.o(.text) for _platform_post_stackheap_init
    __rtentry2.o(.ARM.Collect$$rtentry$$0000000A) refers to libinit.o(.ARM.Collect$$libinit$$00000000) for __rt_lib_init
    __rtentry2.o(.ARM.Collect$$rtentry$$0000000B) refers to boardinit3.o(.text) for _platform_post_lib_init
    __rtentry2.o(.ARM.Collect$$rtentry$$0000000D) refers to memory.o(.text) for main
    __rtentry2.o(.ARM.Collect$$rtentry$$0000000D) refers to exit.o(.text) for exit
    __rtentry2.o(.ARM.exidx) refers to __rtentry2.o(.ARM.Collect$$rtentry$$00000001) for .ARM.Collect$$rtentry$$00000001
    __rtentry2.o(.ARM.exidx) refers to __rtentry2.o(.ARM.Collect$$rtentry$$00000008) for .ARM.Collect$$rtentry$$00000008
    __rtentry2.o(.ARM.exidx) refers to __rtentry2.o(.ARM.Collect$$rtentry$$0000000A) for .ARM.Collect$$rtentry$$0000000A
    __rtentry2.o(.ARM.exidx) refers to __rtentry2.o(.ARM.Collect$$rtentry$$0000000B) for .ARM.Collect$$rtentry$$0000000B
    __rtentry2.o(.ARM.exidx) refers to __rtentry2.o(.ARM.Collect$$rtentry$$0000000D) for .ARM.Collect$$rtentry$$0000000D
    __rtentry4.o(.ARM.Collect$$rtentry$$00000004) refers to sys_stackheap_outer.o(.text) for __user_setup_stackheap
    __rtentry4.o(.ARM.exidx) refers to __rtentry4.o(.ARM.Collect$$rtentry$$00000004) for .ARM.Collect$$rtentry$$00000004
    sys_stackheap_outer.o(.text) refers to libspace.o(.text) for __user_perproc_libspace
    sys_stackheap_outer.o(.text) refers to startup_lpc17xx.o(.text) for __user_initial_stackheap
    exit.o(.text) refers to rtexit.o(.ARM.Collect$$rtexit$$00000000) for __rt_exit
    libinit.o(.ARM.Collect$$libinit$$00000000) refers (Special) to libinit2.o(.ARM.Collect$$libinit$$0000002E) for __rt_lib_init_alloca_1
    libinit.o(.ARM.Collect$$libinit$$00000000) refers (Special) to libinit2.o(.ARM.Collect$$libinit$$0000002C) for __rt_lib_init_argv_1
    libinit.o(.ARM.Collect$$libinit$$00000000) refers (Special) to libinit2.o(.ARM.Collect$$libinit$$0000001B) for __rt_lib_init_atexit_1
    libinit.o(.ARM.Collect$$libinit$$00000000) refers (Special) to libinit2.o(.ARM.Collect$$libinit$$00000021) for __rt_lib_init_clock_1
    libinit.o(.ARM.Collect$$libinit$$00000000) refers (Special) to libinit2.o(.ARM.Collect$$libinit$$00000032) for __rt_lib_init_cpp_1
    libinit.o(.ARM.Collect$$libinit$$00000000) refers (Special) to libinit2.o(.ARM.Collect$$libinit$$00000030) for __rt_lib_init_exceptions_1
    libinit.o(.ARM.Collect$$libinit$$00000000) refers (Special) to libinit2.o(.ARM.Collect$$libinit$$00000002) for __rt_lib_init_fp_1
    libinit.o(.ARM.Collect$$libinit$$00000000) refers (Special) to libinit2.o(.ARM.Collect$$libinit$$0000001F) for __rt_lib_init_fp_trap_1
    libinit.o(.ARM.Collect$$libinit$$00000000) refers (Special) to libinit2.o(.ARM.Collect$$libinit$$00000023) for __rt_lib_init_getenv_1
    libinit.o(.ARM.Collect$$libinit$$00000000) refers (Special) to libinit2.o(.ARM.Collect$$libinit$$0000000A) for __rt_lib_init_heap_1
    libinit.o(.ARM.Collect$$libinit$$00000000) refers (Special) to libinit2.o(.ARM.Collect$$libinit$$00000011) for __rt_lib_init_lc_collate_1
    libinit.o(.ARM.Collect$$libinit$$00000000) refers (Special) to libinit2.o(.ARM.Collect$$libinit$$00000013) for __rt_lib_init_lc_ctype_1
    libinit.o(.ARM.Collect$$libinit$$00000000) refers (Special) to libinit2.o(.ARM.Collect$$libinit$$00000015) for __rt_lib_init_lc_monetary_1
    libinit.o(.ARM.Collect$$libinit$$00000000) refers (Special) to libinit2.o(.ARM.Collect$$libinit$$00000017) for __rt_lib_init_lc_numeric_1
    libinit.o(.ARM.Collect$$libinit$$00000000) refers (Special) to libinit2.o(.ARM.Collect$$libinit$$00000019) for __rt_lib_init_lc_time_1
    libinit.o(.ARM.Collect$$libinit$$00000000) refers (Special) to libinit2.o(.ARM.Collect$$libinit$$00000004) for __rt_lib_init_preinit_1
    libinit.o(.ARM.Collect$$libinit$$00000000) refers (Special) to libinit2.o(.ARM.Collect$$libinit$$0000000E) for __rt_lib_init_rand_1
    libinit.o(.ARM.Collect$$libinit$$00000000) refers (Special) to libinit2.o(.ARM.Collect$$libinit$$00000033) for __rt_lib_init_return
    libinit.o(.ARM.Collect$$libinit$$00000000) refers (Special) to libinit2.o(.ARM.Collect$$libinit$$0000001D) for __rt_lib_init_signal_1
    libinit.o(.ARM.Collect$$libinit$$00000000) refers (Special) to libinit2.o(.ARM.Collect$$libinit$$00000025) for __rt_lib_init_stdio_1
    libinit.o(.ARM.Collect$$libinit$$00000000) refers (Special) to libinit2.o(.ARM.Collect$$libinit$$0000000C) for __rt_lib_init_user_alloc_1
    libspace.o(.text) refers to libspace.o(.bss) for __libspace_start
    rtexit.o(.ARM.Collect$$rtexit$$00000000) refers (Special) to rtexit2.o(.ARM.Collect$$rtexit$$00000004) for __rt_exit_exit
    rtexit.o(.ARM.Collect$$rtexit$$00000000) refers (Special) to rtexit2.o(.ARM.Collect$$rtexit$$00000003) for __rt_exit_ls
    rtexit.o(.ARM.Collect$$rtexit$$00000000) refers (Special) to rtexit2.o(.ARM.Collect$$rtexit$$00000002) for __rt_exit_prels_1
    rtexit.o(.ARM.exidx) refers (Special) to rtexit2.o(.ARM.Collect$$rtexit$$00000004) for __rt_exit_exit
    rtexit.o(.ARM.exidx) refers (Special) to rtexit2.o(.ARM.Collect$$rtexit$$00000003) for __rt_exit_ls
    rtexit.o(.ARM.exidx) refers (Special) to rtexit2.o(.ARM.Collect$$rtexit$$00000002) for __rt_exit_prels_1
    rtexit.o(.ARM.exidx) refers to rtexit.o(.ARM.Collect$$rtexit$$00000000) for .ARM.Collect$$rtexit$$00000000
    libinit2.o(.ARM.Collect$$libinit$$00000010) refers to libinit2.o(.ARM.Collect$$libinit$$0000000F) for .ARM.Collect$$libinit$$0000000F
    libinit2.o(.ARM.Collect$$libinit$$00000012) refers to libinit2.o(.ARM.Collect$$libinit$$0000000F) for .ARM.Collect$$libinit$$0000000F
    libinit2.o(.ARM.Collect$$libinit$$00000014) refers to libinit2.o(.ARM.Collect$$libinit$$0000000F) for .ARM.Collect$$libinit$$0000000F
    libinit2.o(.ARM.Collect$$libinit$$00000016) refers to libinit2.o(.ARM.Collect$$libinit$$0000000F) for .ARM.Collect$$libinit$$0000000F
    libinit2.o(.ARM.Collect$$libinit$$00000018) refers to libinit2.o(.ARM.Collect$$libinit$$0000000F) for .ARM.Collect$$libinit$$0000000F
    libinit2.o(.ARM.Collect$$libinit$$00000026) refers to argv_veneer.o(.emb_text) for __ARM_argv_veneer
    libinit2.o(.ARM.Collect$$libinit$$00000027) refers to argv_veneer.o(.emb_text) for __ARM_argv_veneer
    rtexit2.o(.ARM.Collect$$rtexit$$00000003) refers to libshutdown.o(.ARM.Collect$$libshutdown$$00000000) for __rt_lib_shutdown
    rtexit2.o(.ARM.Collect$$rtexit$$00000004) refers to sys_exit.o(.text) for _sys_exit
    rtexit2.o(.ARM.exidx) refers to rtexit2.o(.ARM.Collect$$rtexit$$00000001) for .ARM.Collect$$rtexit$$00000001
    rtexit2.o(.ARM.exidx) refers to rtexit2.o(.ARM.Collect$$rtexit$$00000003) for .ARM.Collect$$rtexit$$00000003
    rtexit2.o(.ARM.exidx) refers to rtexit2.o(.ARM.Collect$$rtexit$$00000004) for .ARM.Collect$$rtexit$$00000004
    argv_veneer.o(.emb_text) refers to no_argv.o(.text) for __ARM_get_argv
    sys_exit.o(.text) refers (Special) to use_no_semi.o(.text) for __I$use$semihosting
    sys_exit.o(.text) refers (Special) to indicate_semi.o(.text) for __semihosting_library_function
    _get_argv_nomalloc.o(.text) refers (Special) to hrguard.o(.text) for __heap_region$guard
    _get_argv_nomalloc.o(.text) refers to defsig_rtmem_outer.o(.text) for __rt_SIGRTMEM
    _get_argv_nomalloc.o(.text) refers to sys_command.o(.text) for _sys_command_string
    libshutdown.o(.ARM.Collect$$libshutdown$$00000000) refers (Special) to libshutdown2.o(.ARM.Collect$$libshutdown$$00000002) for __rt_lib_shutdown_cpp_1
    libshutdown.o(.ARM.Collect$$libshutdown$$00000000) refers (Special) to libshutdown2.o(.ARM.Collect$$libshutdown$$00000007) for __rt_lib_shutdown_fp_trap_1
    libshutdown.o(.ARM.Collect$$libshutdown$$00000000) refers (Special) to libshutdown2.o(.ARM.Collect$$libshutdown$$0000000F) for __rt_lib_shutdown_heap_1
    libshutdown.o(.ARM.Collect$$libshutdown$$00000000) refers (Special) to libshutdown2.o(.ARM.Collect$$libshutdown$$00000010) for __rt_lib_shutdown_return
    libshutdown.o(.ARM.Collect$$libshutdown$$00000000) refers (Special) to libshutdown2.o(.ARM.Collect$$libshutdown$$0000000A) for __rt_lib_shutdown_signal_1
    libshutdown.o(.ARM.Collect$$libshutdown$$00000000) refers (Special) to libshutdown2.o(.ARM.Collect$$libshutdown$$00000004) for __rt_lib_shutdown_stdio_1
    libshutdown.o(.ARM.Collect$$libshutdown$$00000000) refers (Special) to libshutdown2.o(.ARM.Collect$$libshutdown$$0000000C) for __rt_lib_shutdown_user_alloc_1
    sys_command.o(.text) refers (Special) to use_no_semi.o(.text) for __I$use$semihosting
    sys_command.o(.text) refers (Special) to indicate_semi.o(.text) for __semihosting_library_function
    defsig_rtmem_outer.o(.text) refers to defsig_rtmem_inner.o(.text) for __rt_SIGRTMEM_inner
    defsig_rtmem_outer.o(.text) refers to defsig_exit.o(.text) for __sig_exit
    defsig_rtmem_formal.o(.text) refers to rt_raise.o(.text) for __rt_raise
    rt_raise.o(.text) refers to __raise.o(.text) for __raise
    rt_raise.o(.text) refers to sys_exit.o(.text) for _sys_exit
    defsig_exit.o(.text) refers to sys_exit.o(.text) for _sys_exit
    defsig_rtmem_inner.o(.text) refers to defsig_general.o(.text) for __default_signal_display
    __raise.o(.text) refers to defsig.o(CL$$defsig) for __default_signal_handler
    defsig_general.o(.text) refers to sys_wrch.o(.text) for _ttywrch
    sys_wrch.o(.text) refers (Special) to use_no_semi.o(.text) for __I$use$semihosting
    sys_wrch.o(.text) refers (Special) to indicate_semi.o(.text) for __semihosting_library_function
    defsig.o(CL$$defsig) refers to defsig_rtmem_inner.o(.text) for __rt_SIGRTMEM_inner
    defsig_abrt_inner.o(.text) refers to defsig_general.o(.text) for __default_signal_display
    defsig_fpe_inner.o(.text) refers to defsig_general.o(.text) for __default_signal_display
    defsig_rtred_inner.o(.text) refers to defsig_general.o(.text) for __default_signal_display
    defsig_stak_inner.o(.text) refers to defsig_general.o(.text) for __default_signal_display
    defsig_pvfn_inner.o(.text) refers to defsig_general.o(.text) for __default_signal_display
    defsig_cppl_inner.o(.text) refers to defsig_general.o(.text) for __default_signal_display
    defsig_segv_inner.o(.text) refers to defsig_general.o(.text) for __default_signal_display
    defsig_other.o(.text) refers to defsig_general.o(.text) for __default_signal_display
    usbcore.o(i.USB_ReqGetStatus) refers to usbcore.o(.data) for SetupPacket
    usbcore.o(i.USB_ReqSetClrFeature) refers to usbhw.o(.text) for USB_WakeUpCfg
    usbcore.o(i.USB_ReqSetClrFeature) refers to usbcore.o(.data) for SetupPacket
    usbcore.o(i.USB_ReqSetClrFeature) refers to mscuser.o(USB_RAM) for CSW
    usbcore.o(i.USB_ReqGetDescriptor) refers to usbcore.o(.data) for SetupPacket
    usbcore.o(i.USB_ReqGetDescriptor) refers to usbdesc.o(.constdata) for USB_DeviceDescriptor
    usbcore.o(i.USB_ReqSetConfiguration) refers to usbhw.o(.text) for USB_DisableEP
    usbcore.o(i.USB_ReqSetConfiguration) refers to usbcore.o(.data) for SetupPacket
    usbcore.o(i.USB_ReqSetConfiguration) refers to usbdesc.o(.constdata) for USB_ConfigDescriptor
    usbcore.o(i.USB_ReqSetInterface) refers to usbhw.o(.text) for USB_ConfigEP
    usbcore.o(i.USB_ReqSetInterface) refers to usbcore.o(.data) for SetupPacket
    usbcore.o(i.USB_ReqSetInterface) refers to usbdesc.o(.constdata) for USB_ConfigDescriptor


==============================================================================

Image Symbol Table

    Local Symbols

    Symbol Name                              Value     Ov Type        Size  Object(Section)

    RESET                                    0x00000000   Section      204  startup_lpc17xx.o(RESET)
    ../clib/angel/boardlib.s                 0x00000000   Number         0  boardshut.o ABSOLUTE
    ../clib/angel/boardlib.s                 0x00000000   Number         0  boardinit1.o ABSOLUTE
    ../clib/angel/boardlib.s                 0x00000000   Number         0  boardinit2.o ABSOLUTE
    ../clib/angel/boardlib.s                 0x00000000   Number         0  boardinit3.o ABSOLUTE
    ../clib/angel/handlers.s                 0x00000000   Number         0  __scatter_zi.o ABSOLUTE
    ../clib/angel/handlers.s                 0x00000000   Number         0  __scatter_copy.o ABSOLUTE
    ../clib/angel/kernel.s                   0x00000000   Number         0  rtexit.o ABSOLUTE
    ../clib/angel/kernel.s                   0x00000000   Number         0  rtexit2.o ABSOLUTE
    ../clib/angel/kernel.s                   0x00000000   Number         0  __rtentry2.o ABSOLUTE
    ../clib/angel/kernel.s                   0x00000000   Number         0  __rtentry.o ABSOLUTE
    ../clib/angel/kernel.s                   0x00000000   Number         0  __rtentry4.o ABSOLUTE
    ../clib/angel/rt.s                       0x00000000   Number         0  rt_raise.o ABSOLUTE
    ../clib/angel/scatter.s                  0x00000000   Number         0  __scatter.o ABSOLUTE
    ../clib/angel/startup.s                  0x00000000   Number         0  __main.o ABSOLUTE
    ../clib/angel/sys.s                      0x00000000   Number         0  libspace.o ABSOLUTE
    ../clib/angel/sys.s                      0x00000000   Number         0  use_no_semi.o ABSOLUTE
    ../clib/angel/sys.s                      0x00000000   Number         0  sys_stackheap_outer.o ABSOLUTE
    ../clib/angel/sys.s                      0x00000000   Number         0  indicate_semi.o ABSOLUTE
    ../clib/angel/sysapp.c                   0x00000000   Number         0  sys_exit.o ABSOLUTE
    ../clib/angel/sysapp.c                   0x00000000   Number         0  sys_wrch.o ABSOLUTE
    ../clib/angel/sysapp.c                   0x00000000   Number         0  sys_command.o ABSOLUTE
    ../clib/armsys.c                         0x00000000   Number         0  argv_veneer.o ABSOLUTE
    ../clib/armsys.c                         0x00000000   Number         0  argv_veneer.o ABSOLUTE
    ../clib/armsys.c                         0x00000000   Number         0  no_argv.o ABSOLUTE
    ../clib/armsys.c                         0x00000000   Number         0  _get_argv_nomalloc.o ABSOLUTE
    ../clib/heapalloc.c                      0x00000000   Number         0  hrguard.o ABSOLUTE
    ../clib/heapaux.c                        0x00000000   Number         0  heapauxi.o ABSOLUTE
    ../clib/libinit.s                        0x00000000   Number         0  libinit2.o ABSOLUTE
    ../clib/libinit.s                        0x00000000   Number         0  libshutdown2.o ABSOLUTE
    ../clib/libinit.s                        0x00000000   Number         0  libshutdown.o ABSOLUTE
    ../clib/libinit.s                        0x00000000   Number         0  libinit.o ABSOLUTE
    ../clib/signal.c                         0x00000000   Number         0  defsig_rtmem_inner.o ABSOLUTE
    ../clib/signal.c                         0x00000000   Number         0  defsig_exit.o ABSOLUTE
    ../clib/signal.c                         0x00000000   Number         0  defsig_rtmem_outer.o ABSOLUTE
    ../clib/signal.c                         0x00000000   Number         0  __raise.o ABSOLUTE
    ../clib/signal.c                         0x00000000   Number         0  defsig_other.o ABSOLUTE
    ../clib/signal.c                         0x00000000   Number         0  defsig_segv_inner.o ABSOLUTE
    ../clib/signal.c                         0x00000000   Number         0  defsig_cppl_inner.o ABSOLUTE
    ../clib/signal.c                         0x00000000   Number         0  defsig_pvfn_inner.o ABSOLUTE
    ../clib/signal.c                         0x00000000   Number         0  defsig_stak_inner.o ABSOLUTE
    ../clib/signal.c                         0x00000000   Number         0  defsig_general.o ABSOLUTE
    ../clib/signal.c                         0x00000000   Number         0  defsig_rtred_inner.o ABSOLUTE
    ../clib/signal.c                         0x00000000   Number         0  defsig_fpe_inner.o ABSOLUTE
    ../clib/signal.c                         0x00000000   Number         0  defsig_abrt_inner.o ABSOLUTE
    ../clib/signal.c                         0x00000000   Number         0  defsig_rtmem_formal.o ABSOLUTE
    ../clib/signal.s                         0x00000000   Number         0  defsig.o ABSOLUTE
    ../clib/stdlib.c                         0x00000000   Number         0  exit.o ABSOLUTE
    ../fplib/fpinit.s                        0x00000000   Number         0  fpinit.o ABSOLUTE
    ..\common\src\startup_LPC17xx.s          0x00000000   Number         0  startup_lpc17xx.o ABSOLUTE
    ..\common\src\system_LPC17xx.c           0x00000000   Number         0  system_lpc17xx.o ABSOLUTE
    DiskImg.c                                0x00000000   Number         0  diskimg.o ABSOLUTE
    dc.s                                     0x00000000   Number         0  dc.o ABSOLUTE
    memory.c                                 0x00000000   Number         0  memory.o ABSOLUTE
    mscuser.c                                0x00000000   Number         0  mscuser.o ABSOLUTE
    usbcore.c                                0x00000000   Number         0  usbcore.o ABSOLUTE
    usbdesc.c                                0x00000000   Number         0  usbdesc.o ABSOLUTE
    usbhw.c                                  0x00000000   Number         0  usbhw.o ABSOLUTE
    usbuser.c                                0x00000000   Number         0  usbuser.o ABSOLUTE
    !!!main                                  0x000000cc   Section        8  __main.o(!!!main)
    !!!scatter                               0x000000d4   Section       52  __scatter.o(!!!scatter)
    !!handler_copy                           0x00000108   Section       26  __scatter_copy.o(!!handler_copy)
    !!handler_zi                             0x00000124   Section       28  __scatter_zi.o(!!handler_zi)
    .ARM.Collect$$libinit$$00000000          0x00000140   Section        2  libinit.o(.ARM.Collect$$libinit$$00000000)
    .ARM.Collect$$libinit$$00000002          0x00000142   Section        0  libinit2.o(.ARM.Collect$$libinit$$00000002)
    .ARM.Collect$$libinit$$00000004          0x00000142   Section        0  libinit2.o(.ARM.Collect$$libinit$$00000004)
    .ARM.Collect$$libinit$$0000000A          0x00000142   Section        0  libinit2.o(.ARM.Collect$$libinit$$0000000A)
    .ARM.Collect$$libinit$$0000000C          0x00000142   Section        0  libinit2.o(.ARM.Collect$$libinit$$0000000C)
    .ARM.Collect$$libinit$$0000000E          0x00000142   Section        0  libinit2.o(.ARM.Collect$$libinit$$0000000E)
    .ARM.Collect$$libinit$$00000011          0x00000142   Section        0  libinit2.o(.ARM.Collect$$libinit$$00000011)
    .ARM.Collect$$libinit$$00000013          0x00000142   Section        0  libinit2.o(.ARM.Collect$$libinit$$00000013)
    .ARM.Collect$$libinit$$00000015          0x00000142   Section        0  libinit2.o(.ARM.Collect$$libinit$$00000015)
    .ARM.Collect$$libinit$$00000017          0x00000142   Section        0  libinit2.o(.ARM.Collect$$libinit$$00000017)
    .ARM.Collect$$libinit$$00000019          0x00000142   Section        0  libinit2.o(.ARM.Collect$$libinit$$00000019)
    .ARM.Collect$$libinit$$0000001B          0x00000142   Section        0  libinit2.o(.ARM.Collect$$libinit$$0000001B)
    .ARM.Collect$$libinit$$0000001D          0x00000142   Section        0  libinit2.o(.ARM.Collect$$libinit$$0000001D)
    .ARM.Collect$$libinit$$0000001F          0x00000142   Section        0  libinit2.o(.ARM.Collect$$libinit$$0000001F)
    .ARM.Collect$$libinit$$00000021          0x00000142   Section        0  libinit2.o(.ARM.Collect$$libinit$$00000021)
    .ARM.Collect$$libinit$$00000023          0x00000142   Section        0  libinit2.o(.ARM.Collect$$libinit$$00000023)
    .ARM.Collect$$libinit$$00000025          0x00000142   Section        0  libinit2.o(.ARM.Collect$$libinit$$00000025)
    .ARM.Collect$$libinit$$0000002C          0x00000142   Section        0  libinit2.o(.ARM.Collect$$libinit$$0000002C)
    .ARM.Collect$$libinit$$0000002E          0x00000142   Section        0  libinit2.o(.ARM.Collect$$libinit$$0000002E)
    .ARM.Collect$$libinit$$00000030          0x00000142   Section        0  libinit2.o(.ARM.Collect$$libinit$$00000030)
    .ARM.Collect$$libinit$$00000032          0x00000142   Section        0  libinit2.o(.ARM.Collect$$libinit$$00000032)
    .ARM.Collect$$libinit$$00000033          0x00000142   Section        2  libinit2.o(.ARM.Collect$$libinit$$00000033)
    .ARM.Collect$$libshutdown$$00000000      0x00000144   Section        2  libshutdown.o(.ARM.Collect$$libshutdown$$00000000)
    .ARM.Collect$$libshutdown$$00000002      0x00000146   Section        0  libshutdown2.o(.ARM.Collect$$libshutdown$$00000002)
    .ARM.Collect$$libshutdown$$00000004      0x00000146   Section        0  libshutdown2.o(.ARM.Collect$$libshutdown$$00000004)
    .ARM.Collect$$libshutdown$$00000007      0x00000146   Section        0  libshutdown2.o(.ARM.Collect$$libshutdown$$00000007)
    .ARM.Collect$$libshutdown$$0000000A      0x00000146   Section        0  libshutdown2.o(.ARM.Collect$$libshutdown$$0000000A)
    .ARM.Collect$$libshutdown$$0000000C      0x00000146   Section        0  libshutdown2.o(.ARM.Collect$$libshutdown$$0000000C)
    .ARM.Collect$$libshutdown$$0000000F      0x00000146   Section        0  libshutdown2.o(.ARM.Collect$$libshutdown$$0000000F)
    .ARM.Collect$$libshutdown$$00000010      0x00000146   Section        2  libshutdown2.o(.ARM.Collect$$libshutdown$$00000010)
    .ARM.Collect$$rtentry$$00000000          0x00000148   Section        0  __rtentry.o(.ARM.Collect$$rtentry$$00000000)
    .ARM.Collect$$rtentry$$00000002          0x00000148   Section        0  __rtentry2.o(.ARM.Collect$$rtentry$$00000002)
    .ARM.Collect$$rtentry$$00000004          0x00000148   Section        6  __rtentry4.o(.ARM.Collect$$rtentry$$00000004)
    .ARM.Collect$$rtentry$$00000009          0x0000014e   Section        0  __rtentry2.o(.ARM.Collect$$rtentry$$00000009)
    .ARM.Collect$$rtentry$$0000000A          0x0000014e   Section        4  __rtentry2.o(.ARM.Collect$$rtentry$$0000000A)
    .ARM.Collect$$rtentry$$0000000C          0x00000152   Section        0  __rtentry2.o(.ARM.Collect$$rtentry$$0000000C)
    .ARM.Collect$$rtentry$$0000000D          0x00000152   Section        8  __rtentry2.o(.ARM.Collect$$rtentry$$0000000D)
    .ARM.Collect$$rtexit$$00000000           0x0000015a   Section        2  rtexit.o(.ARM.Collect$$rtexit$$00000000)
    .ARM.Collect$$rtexit$$00000002           0x0000015c   Section        0  rtexit2.o(.ARM.Collect$$rtexit$$00000002)
    .ARM.Collect$$rtexit$$00000003           0x0000015c   Section        4  rtexit2.o(.ARM.Collect$$rtexit$$00000003)
    .ARM.Collect$$rtexit$$00000004           0x00000160   Section        6  rtexit2.o(.ARM.Collect$$rtexit$$00000004)
    .text                                    0x00000168   Section        0  usbcore.o(.text)
    .text                                    0x000004b4   Section        0  usbhw.o(.text)
    .text                                    0x00000dc0   Section        0  usbuser.o(.text)
    .text                                    0x00000e4c   Section        0  mscuser.o(.text)
    .text                                    0x00001664   Section        0  memory.o(.text)
    .text                                    0x00001694   Section       60  startup_lpc17xx.o(.text)
    .text                                    0x000016d0   Section        0  system_lpc17xx.o(.text)
    .text                                    0x00001908   Section        0  heapauxi.o(.text)
    .text                                    0x0000190e   Section       74  sys_stackheap_outer.o(.text)
    .text                                    0x00001958   Section        0  exit.o(.text)
    .text                                    0x0000196c   Section        8  libspace.o(.text)
    .text                                    0x00001974   Section        0  sys_exit.o(.text)
    .text                                    0x00001980   Section        2  use_no_semi.o(.text)
    .text                                    0x00001982   Section        0  indicate_semi.o(.text)
    i.USB_ReqGetDescriptor                   0x00001984   Section        0  usbcore.o(i.USB_ReqGetDescriptor)
    i.USB_ReqGetStatus                       0x00001a3c   Section        0  usbcore.o(i.USB_ReqGetStatus)
    i.USB_ReqSetClrFeature                   0x00001afc   Section        0  usbcore.o(i.USB_ReqSetClrFeature)
    i.USB_ReqSetConfiguration                0x00001c14   Section        0  usbcore.o(i.USB_ReqSetConfiguration)
    i.USB_ReqSetInterface                    0x00001dd4   Section        0  usbcore.o(i.USB_ReqSetInterface)
    .constdata                               0x00001f18   Section      163  usbdesc.o(.constdata)
    .constdata                               0x00001fbc   Section       16  usbhw.o(.constdata)
    .constdata                               0x00001fcc   Section       64  usbuser.o(.constdata)
    .constdata                               0x0000200c   Section     4096  diskimg.o(.constdata)
    .bss                                     0x10000000   Section     8192  mscuser.o(.bss)
    .data                                    0x2007c000   Section       48  usbcore.o(.data)
    .data                                    0x2007c030   Section        8  usbhw.o(.data)
    .data                                    0x2007c038   Section       14  mscuser.o(.data)
    .data                                    0x2007c048   Section        4  system_lpc17xx.o(.data)
    .bss                                     0x2007c04c   Section      128  usbhw.o(.bss)
    .bss                                     0x2007c0cc   Section       96  libspace.o(.bss)
    HEAP                                     0x2007c130   Section        0  startup_lpc17xx.o(HEAP)
    STACK                                    0x2007c130   Section      512  startup_lpc17xx.o(STACK)
    Heap_Mem                                 0x2007c130   Data           0  startup_lpc17xx.o(HEAP)
    Stack_Mem                                0x2007c130   Data         512  startup_lpc17xx.o(STACK)
    USB_RAM                                  0x2007c330   Section      544  usbhw.o(USB_RAM)
    __initial_sp                             0x2007c330   Data           0  startup_lpc17xx.o(STACK)
    USB_RAM                                  0x2007c550   Section      108  mscuser.o(USB_RAM)

    Global Symbols

    Symbol Name                              Value     Ov Type        Size  Object(Section)

    BuildAttributes$$THM_ISAv4$P$D$K$B$S$PE$A:L22UL41UL21$X:L11$S22US41US21$IEEE1$IW$USESV6$~STKCKD$USESV7$~SHL$OSPACE$ROPI$EBA8$UX$STANDARDLIB$REQ8$PRES8$EABIv2 0x00000000   Number         0  anon$$obj.o ABSOLUTE
    __ARM_use_no_argv                        0x00000000   Number         0  memory.o ABSOLUTE
    __Vectors                                0x00000000   Data           4  startup_lpc17xx.o(RESET)
    __ARM_exceptions_init                     - Undefined Weak Reference
    __alloca_initialize                       - Undefined Weak Reference
    __arm_preinit_                            - Undefined Weak Reference
    __cpp_initialize__aeabi_                  - Undefined Weak Reference
    __cxa_finalize                            - Undefined Weak Reference
    __rt_locale                               - Undefined Weak Reference
    __sigvec_lookup                           - Undefined Weak Reference
    _atexit_init                              - Undefined Weak Reference
    _call_atexit_fns                          - Undefined Weak Reference
    _clock_init                               - Undefined Weak Reference
    _fp_trap_init                             - Undefined Weak Reference
    _fp_trap_shutdown                         - Undefined Weak Reference
    _get_lc_collate                           - Undefined Weak Reference
    _get_lc_ctype                             - Undefined Weak Reference
    _get_lc_monetary                          - Undefined Weak Reference
    _get_lc_numeric                           - Undefined Weak Reference
    _get_lc_time                              - Undefined Weak Reference
    _getenv_init                              - Undefined Weak Reference
    _handle_redirection                       - Undefined Weak Reference
    _init_alloc                               - Undefined Weak Reference
    _init_user_alloc                          - Undefined Weak Reference
    _initio                                   - Undefined Weak Reference
    _rand_init                                - Undefined Weak Reference
    _signal_finish                            - Undefined Weak Reference
    _signal_init                              - Undefined Weak Reference
    _terminate_alloc                          - Undefined Weak Reference
    _terminate_user_alloc                     - Undefined Weak Reference
    _terminateio                              - Undefined Weak Reference
    __main                                   0x000000cd   Thumb Code     8  __main.o(!!!main)
    __scatterload                            0x000000d5   Thumb Code     0  __scatter.o(!!!scatter)
    __scatterload_rt2                        0x000000d5   Thumb Code    44  __scatter.o(!!!scatter)
    __scatterload_rt2_thumb_only             0x000000d5   Thumb Code     0  __scatter.o(!!!scatter)
    __scatterload_null                       0x000000e3   Thumb Code     0  __scatter.o(!!!scatter)
    __scatterload_copy                       0x00000109   Thumb Code    26  __scatter_copy.o(!!handler_copy)
    __scatterload_zeroinit                   0x00000125   Thumb Code    28  __scatter_zi.o(!!handler_zi)
    __rt_lib_init                            0x00000141   Thumb Code     0  libinit.o(.ARM.Collect$$libinit$$00000000)
    __rt_lib_init_alloca_1                   0x00000143   Thumb Code     0  libinit2.o(.ARM.Collect$$libinit$$0000002E)
    __rt_lib_init_argv_1                     0x00000143   Thumb Code     0  libinit2.o(.ARM.Collect$$libinit$$0000002C)
    __rt_lib_init_atexit_1                   0x00000143   Thumb Code     0  libinit2.o(.ARM.Collect$$libinit$$0000001B)
    __rt_lib_init_clock_1                    0x00000143   Thumb Code     0  libinit2.o(.ARM.Collect$$libinit$$00000021)
    __rt_lib_init_cpp_1                      0x00000143   Thumb Code     0  libinit2.o(.ARM.Collect$$libinit$$00000032)
    __rt_lib_init_exceptions_1               0x00000143   Thumb Code     0  libinit2.o(.ARM.Collect$$libinit$$00000030)
    __rt_lib_init_fp_1                       0x00000143   Thumb Code     0  libinit2.o(.ARM.Collect$$libinit$$00000002)
    __rt_lib_init_fp_trap_1                  0x00000143   Thumb Code     0  libinit2.o(.ARM.Collect$$libinit$$0000001F)
    __rt_lib_init_getenv_1                   0x00000143   Thumb Code     0  libinit2.o(.ARM.Collect$$libinit$$00000023)
    __rt_lib_init_heap_1                     0x00000143   Thumb Code     0  libinit2.o(.ARM.Collect$$libinit$$0000000A)
    __rt_lib_init_lc_collate_1               0x00000143   Thumb Code     0  libinit2.o(.ARM.Collect$$libinit$$00000011)
    __rt_lib_init_lc_ctype_1                 0x00000143   Thumb Code     0  libinit2.o(.ARM.Collect$$libinit$$00000013)
    __rt_lib_init_lc_monetary_1              0x00000143   Thumb Code     0  libinit2.o(.ARM.Collect$$libinit$$00000015)
    __rt_lib_init_lc_numeric_1               0x00000143   Thumb Code     0  libinit2.o(.ARM.Collect$$libinit$$00000017)
    __rt_lib_init_lc_time_1                  0x00000143   Thumb Code     0  libinit2.o(.ARM.Collect$$libinit$$00000019)
    __rt_lib_init_preinit_1                  0x00000143   Thumb Code     0  libinit2.o(.ARM.Collect$$libinit$$00000004)
    __rt_lib_init_rand_1                     0x00000143   Thumb Code     0  libinit2.o(.ARM.Collect$$libinit$$0000000E)
    __rt_lib_init_return                     0x00000143   Thumb Code     0  libinit2.o(.ARM.Collect$$libinit$$00000033)
    __rt_lib_init_signal_1                   0x00000143   Thumb Code     0  libinit2.o(.ARM.Collect$$libinit$$0000001D)
    __rt_lib_init_stdio_1                    0x00000143   Thumb Code     0  libinit2.o(.ARM.Collect$$libinit$$00000025)
    __rt_lib_init_user_alloc_1               0x00000143   Thumb Code     0  libinit2.o(.ARM.Collect$$libinit$$0000000C)
    __rt_lib_shutdown                        0x00000145   Thumb Code     0  libshutdown.o(.ARM.Collect$$libshutdown$$00000000)
    __rt_lib_shutdown_cpp_1                  0x00000147   Thumb Code     0  libshutdown2.o(.ARM.Collect$$libshutdown$$00000002)
    __rt_lib_shutdown_fp_trap_1              0x00000147   Thumb Code     0  libshutdown2.o(.ARM.Collect$$libshutdown$$00000007)
    __rt_lib_shutdown_heap_1                 0x00000147   Thumb Code     0  libshutdown2.o(.ARM.Collect$$libshutdown$$0000000F)
    __rt_lib_shutdown_return                 0x00000147   Thumb Code     0  libshutdown2.o(.ARM.Collect$$libshutdown$$00000010)
    __rt_lib_shutdown_signal_1               0x00000147   Thumb Code     0  libshutdown2.o(.ARM.Collect$$libshutdown$$0000000A)
    __rt_lib_shutdown_stdio_1                0x00000147   Thumb Code     0  libshutdown2.o(.ARM.Collect$$libshutdown$$00000004)
    __rt_lib_shutdown_user_alloc_1           0x00000147   Thumb Code     0  libshutdown2.o(.ARM.Collect$$libshutdown$$0000000C)
    __rt_entry                               0x00000149   Thumb Code     0  __rtentry.o(.ARM.Collect$$rtentry$$00000000)
    __rt_entry_presh_1                       0x00000149   Thumb Code     0  __rtentry2.o(.ARM.Collect$$rtentry$$00000002)
    __rt_entry_sh                            0x00000149   Thumb Code     0  __rtentry4.o(.ARM.Collect$$rtentry$$00000004)
    __rt_entry_li                            0x0000014f   Thumb Code     0  __rtentry2.o(.ARM.Collect$$rtentry$$0000000A)
    __rt_entry_postsh_1                      0x0000014f   Thumb Code     0  __rtentry2.o(.ARM.Collect$$rtentry$$00000009)
    __rt_entry_main                          0x00000153   Thumb Code     0  __rtentry2.o(.ARM.Collect$$rtentry$$0000000D)
    __rt_entry_postli_1                      0x00000153   Thumb Code     0  __rtentry2.o(.ARM.Collect$$rtentry$$0000000C)
    __rt_exit                                0x0000015b   Thumb Code     0  rtexit.o(.ARM.Collect$$rtexit$$00000000)
    __rt_exit_ls                             0x0000015d   Thumb Code     0  rtexit2.o(.ARM.Collect$$rtexit$$00000003)
    __rt_exit_prels_1                        0x0000015d   Thumb Code     0  rtexit2.o(.ARM.Collect$$rtexit$$00000002)
    __rt_exit_exit                           0x00000161   Thumb Code     0  rtexit2.o(.ARM.Collect$$rtexit$$00000004)
    USB_ResetCore                            0x00000169   Thumb Code    36  usbcore.o(.text)
    USB_SetupStage                           0x0000018d   Thumb Code    12  usbcore.o(.text)
    USB_DataInStage                          0x00000199   Thumb Code    52  usbcore.o(.text)
    USB_DataOutStage                         0x000001cd   Thumb Code    34  usbcore.o(.text)
    USB_StatusInStage                        0x000001ef   Thumb Code    14  usbcore.o(.text)
    USB_StatusOutStage                       0x000001fd   Thumb Code    12  usbcore.o(.text)
    USB_EndPoint0                            0x00000209   Thumb Code   638  usbcore.o(.text)
    EPAdr                                    0x000004b5   Thumb Code    16  usbhw.o(.text)
    WrCmd                                    0x000004c5   Thumb Code    30  usbhw.o(.text)
    WrCmdDat                                 0x000004e3   Thumb Code    58  usbhw.o(.text)
    WrCmdEP                                  0x0000051d   Thumb Code    78  usbhw.o(.text)
    RdCmdDat                                 0x0000056b   Thumb Code    38  usbhw.o(.text)
    USB_SetAddress                           0x00000591   Thumb Code    42  usbhw.o(.text)
    USB_Reset                                0x000005bb   Thumb Code   166  usbhw.o(.text)
    USB_Init                                 0x00000661   Thumb Code   138  usbhw.o(.text)
    USB_Connect                              0x000006eb   Thumb Code    28  usbhw.o(.text)
    USB_Suspend                              0x00000707   Thumb Code     2  usbhw.o(.text)
    USB_Resume                               0x00000709   Thumb Code     2  usbhw.o(.text)
    USB_WakeUp                               0x0000070b   Thumb Code    22  usbhw.o(.text)
    USB_WakeUpCfg                            0x00000721   Thumb Code     2  usbhw.o(.text)
    USB_Configure                            0x00000723   Thumb Code    60  usbhw.o(.text)
    USB_ConfigEP                             0x0000075f   Thumb Code    68  usbhw.o(.text)
    USB_DirCtrlEP                            0x000007a3   Thumb Code     2  usbhw.o(.text)
    USB_EnableEP                             0x000007a5   Thumb Code    26  usbhw.o(.text)
    USB_DisableEP                            0x000007bf   Thumb Code    26  usbhw.o(.text)
    USB_ResetEP                              0x000007d9   Thumb Code    26  usbhw.o(.text)
    USB_SetStallEP                           0x000007f3   Thumb Code    26  usbhw.o(.text)
    USB_ClrStallEP                           0x0000080d   Thumb Code    26  usbhw.o(.text)
    USB_ClearEPBuf                           0x00000827   Thumb Code    14  usbhw.o(.text)
    USB_DMA_BufCnt                           0x00000835   Thumb Code    30  usbhw.o(.text)
    USB_DMA_IsUsed                           0x00000853   Thumb Code    24  usbhw.o(.text)
    USB_ReadEP                               0x0000086b   Thumb Code   192  usbhw.o(.text)
    USB_DMA_ReqSet                           0x0000092b   Thumb Code    22  usbhw.o(.text)
    USB_DMA_Enable                           0x00000941   Thumb Code    22  usbhw.o(.text)
    USB_DMA_Setup                            0x00000957   Thumb Code   266  usbhw.o(.text)
    USB_WriteEP                              0x00000a61   Thumb Code   130  usbhw.o(.text)
    USB_DMA_Disable                          0x00000ae3   Thumb Code    22  usbhw.o(.text)
    USB_DMA_Status                           0x00000af9   Thumb Code    76  usbhw.o(.text)
    USB_DMA_BufAdr                           0x00000b45   Thumb Code    30  usbhw.o(.text)
    USB_GetFrame                             0x00000b63   Thumb Code    30  usbhw.o(.text)
    USB_IRQHandler                           0x00000b81   Thumb Code   568  usbhw.o(.text)
    USB_Reset_Event                          0x00000dc1   Thumb Code     8  usbuser.o(.text)
    USB_Configure_Event                      0x00000dc9   Thumb Code     2  usbuser.o(.text)
    USB_EndPoint1                            0x00000dcb   Thumb Code     2  usbuser.o(.text)
    USB_EndPoint2                            0x00000dcd   Thumb Code    96  usbuser.o(.text)
    USB_EndPoint3                            0x00000e2d   Thumb Code     2  usbuser.o(.text)
    USB_EndPoint4                            0x00000e2f   Thumb Code     2  usbuser.o(.text)
    USB_EndPoint5                            0x00000e31   Thumb Code     2  usbuser.o(.text)
    USB_EndPoint6                            0x00000e33   Thumb Code     2  usbuser.o(.text)
    USB_EndPoint7                            0x00000e35   Thumb Code     2  usbuser.o(.text)
    USB_EndPoint8                            0x00000e37   Thumb Code     2  usbuser.o(.text)
    USB_EndPoint9                            0x00000e39   Thumb Code     2  usbuser.o(.text)
    USB_EndPoint10                           0x00000e3b   Thumb Code     2  usbuser.o(.text)
    USB_EndPoint11                           0x00000e3d   Thumb Code     2  usbuser.o(.text)
    USB_EndPoint12                           0x00000e3f   Thumb Code     2  usbuser.o(.text)
    USB_EndPoint13                           0x00000e41   Thumb Code     2  usbuser.o(.text)
    USB_EndPoint14                           0x00000e43   Thumb Code     2  usbuser.o(.text)
    USB_EndPoint15                           0x00000e45   Thumb Code     2  usbuser.o(.text)
    MSC_SetStallEP                           0x00000e4d   Thumb Code    44  mscuser.o(.text)
    MSC_Reset                                0x00000e79   Thumb Code    18  mscuser.o(.text)
    MSC_GetMaxLUN                            0x00000e8b   Thumb Code    10  mscuser.o(.text)
    MSC_MemoryRead                           0x00000e95   Thumb Code   162  mscuser.o(.text)
    MSC_SetCSW                               0x00000f37   Thumb Code    24  mscuser.o(.text)
    MSC_MemoryWrite                          0x00000f4f   Thumb Code   136  mscuser.o(.text)
    MSC_MemoryVerify                         0x00000fd7   Thumb Code   160  mscuser.o(.text)
    MSC_RWSetup                              0x00001077   Thumb Code   200  mscuser.o(.text)
    DataInFormat                             0x0000113f   Thumb Code    56  mscuser.o(.text)
    DataInTransfer                           0x00001177   Thumb Code    68  mscuser.o(.text)
    MSC_TestUnitReady                        0x000011bb   Thumb Code    44  mscuser.o(.text)
    MSC_RequestSense                         0x000011e7   Thumb Code    80  mscuser.o(.text)
    MSC_Inquiry                              0x00001237   Thumb Code   216  mscuser.o(.text)
    MSC_ModeSense6                           0x0000130f   Thumb Code    38  mscuser.o(.text)
    MSC_ModeSense10                          0x00001335   Thumb Code    48  mscuser.o(.text)
    MSC_ReadCapacity                         0x00001365   Thumb Code    52  mscuser.o(.text)
    MSC_ReadFormatCapacity                   0x00001399   Thumb Code    66  mscuser.o(.text)
    MSC_GetCBW                               0x000013db   Thumb Code   440  mscuser.o(.text)
    MSC_BulkIn                               0x00001593   Thumb Code    80  mscuser.o(.text)
    MSC_BulkOut                              0x000015e3   Thumb Code    96  mscuser.o(.text)
    main                                     0x00001665   Thumb Code    38  memory.o(.text)
    Reset_Handler                            0x00001695   Thumb Code     8  startup_lpc17xx.o(.text)
    NMI_Handler                              0x0000169d   Thumb Code     2  startup_lpc17xx.o(.text)
    HardFault_Handler                        0x0000169f   Thumb Code     2  startup_lpc17xx.o(.text)
    MemManage_Handler                        0x000016a1   Thumb Code     2  startup_lpc17xx.o(.text)
    BusFault_Handler                         0x000016a3   Thumb Code     2  startup_lpc17xx.o(.text)
    UsageFault_Handler                       0x000016a5   Thumb Code     2  startup_lpc17xx.o(.text)
    SVC_Handler                              0x000016a7   Thumb Code     2  startup_lpc17xx.o(.text)
    DebugMon_Handler                         0x000016a9   Thumb Code     2  startup_lpc17xx.o(.text)
    PendSV_Handler                           0x000016ab   Thumb Code     2  startup_lpc17xx.o(.text)
    SysTick_Handler                          0x000016ad   Thumb Code     2  startup_lpc17xx.o(.text)
    ADC_IRQHandler                           0x000016af   Thumb Code     0  startup_lpc17xx.o(.text)
    BOD_IRQHandler                           0x000016af   Thumb Code     0  startup_lpc17xx.o(.text)
    CANActivity_IRQHandler                   0x000016af   Thumb Code     0  startup_lpc17xx.o(.text)
    CAN_IRQHandler                           0x000016af   Thumb Code     0  startup_lpc17xx.o(.text)
    DMA_IRQHandler                           0x000016af   Thumb Code     0  startup_lpc17xx.o(.text)
    EINT0_IRQHandler                         0x000016af   Thumb Code     0  startup_lpc17xx.o(.text)
    EINT1_IRQHandler                         0x000016af   Thumb Code     0  startup_lpc17xx.o(.text)
    EINT2_IRQHandler                         0x000016af   Thumb Code     0  startup_lpc17xx.o(.text)
    EINT3_IRQHandler                         0x000016af   Thumb Code     0  startup_lpc17xx.o(.text)
    ENET_IRQHandler                          0x000016af   Thumb Code     0  startup_lpc17xx.o(.text)
    I2C0_IRQHandler                          0x000016af   Thumb Code     0  startup_lpc17xx.o(.text)
    I2C1_IRQHandler                          0x000016af   Thumb Code     0  startup_lpc17xx.o(.text)
    I2C2_IRQHandler                          0x000016af   Thumb Code     0  startup_lpc17xx.o(.text)
    I2S_IRQHandler                           0x000016af   Thumb Code     0  startup_lpc17xx.o(.text)
    MCPWM_IRQHandler                         0x000016af   Thumb Code     0  startup_lpc17xx.o(.text)
    PLL0_IRQHandler                          0x000016af   Thumb Code     0  startup_lpc17xx.o(.text)
    PLL1_IRQHandler                          0x000016af   Thumb Code     0  startup_lpc17xx.o(.text)
    PWM1_IRQHandler                          0x000016af   Thumb Code     0  startup_lpc17xx.o(.text)
    QEI_IRQHandler                           0x000016af   Thumb Code     0  startup_lpc17xx.o(.text)
    RIT_IRQHandler                           0x000016af   Thumb Code     0  startup_lpc17xx.o(.text)
    RTC_IRQHandler                           0x000016af   Thumb Code     0  startup_lpc17xx.o(.text)
    SPI_IRQHandler                           0x000016af   Thumb Code     0  startup_lpc17xx.o(.text)
    SSP0_IRQHandler                          0x000016af   Thumb Code     0  startup_lpc17xx.o(.text)
    SSP1_IRQHandler                          0x000016af   Thumb Code     0  startup_lpc17xx.o(.text)
    TIMER0_IRQHandler                        0x000016af   Thumb Code     0  startup_lpc17xx.o(.text)
    TIMER1_IRQHandler                        0x000016af   Thumb Code     0  startup_lpc17xx.o(.text)
    TIMER2_IRQHandler                        0x000016af   Thumb Code     0  startup_lpc17xx.o(.text)
    TIMER3_IRQHandler                        0x000016af   Thumb Code     0  startup_lpc17xx.o(.text)
    UART0_IRQHandler                         0x000016af   Thumb Code     0  startup_lpc17xx.o(.text)
    UART1_IRQHandler                         0x000016af   Thumb Code     0  startup_lpc17xx.o(.text)
    UART2_IRQHandler                         0x000016af   Thumb Code     0  startup_lpc17xx.o(.text)
    UART3_IRQHandler                         0x000016af   Thumb Code     0  startup_lpc17xx.o(.text)
    USBActivity_IRQHandler                   0x000016af   Thumb Code     0  startup_lpc17xx.o(.text)
    WDT_IRQHandler                           0x000016af   Thumb Code     0  startup_lpc17xx.o(.text)
    __user_initial_stackheap                 0x000016b1   Thumb Code     0  startup_lpc17xx.o(.text)
    SystemInit                               0x000016d1   Thumb Code   236  system_lpc17xx.o(.text)
    SystemClockUpdate                        0x000017bd   Thumb Code   308  system_lpc17xx.o(.text)
    __use_two_region_memory                  0x00001909   Thumb Code     2  heapauxi.o(.text)
    __rt_heap_escrow$2region                 0x0000190b   Thumb Code     2  heapauxi.o(.text)
    __rt_heap_expand$2region                 0x0000190d   Thumb Code     2  heapauxi.o(.text)
    __user_setup_stackheap                   0x0000190f   Thumb Code    74  sys_stackheap_outer.o(.text)
    exit                                     0x00001959   Thumb Code    18  exit.o(.text)
    __user_libspace                          0x0000196d   Thumb Code     8  libspace.o(.text)
    __user_perproc_libspace                  0x0000196d   Thumb Code     0  libspace.o(.text)
    __user_perthread_libspace                0x0000196d   Thumb Code     0  libspace.o(.text)
    _sys_exit                                0x00001975   Thumb Code     8  sys_exit.o(.text)
    __I$use$semihosting                      0x00001981   Thumb Code     0  use_no_semi.o(.text)
    __use_no_semihosting_swi                 0x00001981   Thumb Code     2  use_no_semi.o(.text)
    __semihosting_library_function           0x00001983   Thumb Code     0  indicate_semi.o(.text)
    USB_ReqGetDescriptor                     0x00001985   Thumb Code   162  usbcore.o(i.USB_ReqGetDescriptor)
    USB_ReqGetStatus                         0x00001a3d   Thumb Code   160  usbcore.o(i.USB_ReqGetStatus)
    USB_ReqSetClrFeature                     0x00001afd   Thumb Code   246  usbcore.o(i.USB_ReqSetClrFeature)
    USB_ReqSetConfiguration                  0x00001c15   Thumb Code   412  usbcore.o(i.USB_ReqSetConfiguration)
    USB_ReqSetInterface                      0x00001dd5   Thumb Code   298  usbcore.o(i.USB_ReqSetInterface)
    USB_DeviceDescriptor                     0x00001f18   Data          18  usbdesc.o(.constdata)
    USB_ConfigDescriptor                     0x00001f2a   Data          33  usbdesc.o(.constdata)
    USB_StringDescriptor                     0x00001f4b   Data         112  usbdesc.o(.constdata)
    DDAdr                                    0x00001fbc   Data           8  usbhw.o(.constdata)
    DDSz                                     0x00001fc4   Data           8  usbhw.o(.constdata)
    USB_P_EP                                 0x00001fcc   Data          64  usbuser.o(.constdata)
    DiskImage                                0x0000200c   Data        4096  diskimg.o(.constdata)
    Region$$Table$$Base                      0x0000300c   Number         0  anon$$obj.o(Region$$Table)
    Region$$Table$$Limit                     0x0000303c   Number         0  anon$$obj.o(Region$$Table)
    Memory                                   0x10000000   Data        8192  mscuser.o(.bss)
    USB_DeviceStatus                         0x2007c000   Data           2  usbcore.o(.data)
    USB_DeviceAddress                        0x2007c002   Data           1  usbcore.o(.data)
    USB_Configuration                        0x2007c003   Data           1  usbcore.o(.data)
    USB_EndPointMask                         0x2007c004   Data           4  usbcore.o(.data)
    USB_EndPointHalt                         0x2007c008   Data           4  usbcore.o(.data)
    USB_EndPointStall                        0x2007c00c   Data           4  usbcore.o(.data)
    USB_NumInterfaces                        0x2007c010   Data           1  usbcore.o(.data)
    USB_AltSetting                           0x2007c011   Data           4  usbcore.o(.data)
    EP0Buf                                   0x2007c015   Data           8  usbcore.o(.data)
    EP0Data                                  0x2007c020   Data           8  usbcore.o(.data)
    SetupPacket                              0x2007c028   Data           8  usbcore.o(.data)
    DDMemMap                                 0x2007c030   Data           8  usbhw.o(.data)
    MemOK                                    0x2007c038   Data           4  mscuser.o(.data)
    Offset                                   0x2007c03c   Data           4  mscuser.o(.data)
    Length                                   0x2007c040   Data           4  mscuser.o(.data)
    BulkStage                                0x2007c044   Data           1  mscuser.o(.data)
    BulkLen                                  0x2007c045   Data           1  mscuser.o(.data)
    SystemFrequency                          0x2007c048   Data           4  system_lpc17xx.o(.data)
    udca                                     0x2007c04c   Data         128  usbhw.o(.bss)
    __libspace_start                         0x2007c0cc   Data          96  libspace.o(.bss)
    __temporary_stack_top$libspace           0x2007c12c   Data           0  libspace.o(.bss)
    UDCA                                     0x2007c330   Data         128  usbhw.o(USB_RAM)
    DD_NISO_Mem                              0x2007c3b0   Data         256  usbhw.o(USB_RAM)
    DD_ISO_Mem                               0x2007c4b0   Data         160  usbhw.o(USB_RAM)
    BulkBuf                                  0x2007c550   Data          64  mscuser.o(USB_RAM)
    CBW                                      0x2007c590   Data          31  mscuser.o(USB_RAM)
    CSW                                      0x2007c5af   Data          13  mscuser.o(USB_RAM)



==============================================================================

Memory Map of the image

  Image Entry point : 0x000000cd

  Load Region LR_IROM1 (Base: 0x00000000, Size: 0x00003088, Max: 0x00040000, ABSOLUTE)

    Execution Region ER_IROM1 (Exec base: 0x00000000, Load base: 0x00000000, Size: 0x0000303c, Max: 0x00040000, ABSOLUTE)

    Exec Addr    Load Addr    Size         Type   Attr      Idx    E Section Name        Object

    0x00000000   0x00000000   0x000000cc   Data   RO          199    RESET               startup_lpc17xx.o
    0x000000cc   0x000000cc   0x00000008   Code   RO          239  * !!!main             c_w.l(__main.o)
    0x000000d4   0x000000d4   0x00000034   Code   RO          396    !!!scatter          c_w.l(__scatter.o)
    0x00000108   0x00000108   0x0000001a   Code   RO          398    !!handler_copy      c_w.l(__scatter_copy.o)
    0x00000122   0x00000122   0x00000002   PAD
    0x00000124   0x00000124   0x0000001c   Code   RO          400    !!handler_zi        c_w.l(__scatter_zi.o)
    0x00000140   0x00000140   0x00000002   Code   RO          266    .ARM.Collect$$libinit$$00000000  c_w.l(libinit.o)
    0x00000142   0x00000142   0x00000000   Code   RO          273    .ARM.Collect$$libinit$$00000002  c_w.l(libinit2.o)
    0x00000142   0x00000142   0x00000000   Code   RO          275    .ARM.Collect$$libinit$$00000004  c_w.l(libinit2.o)
    0x00000142   0x00000142   0x00000000   Code   RO          278    .ARM.Collect$$libinit$$0000000A  c_w.l(libinit2.o)
    0x00000142   0x00000142   0x00000000   Code   RO          280    .ARM.Collect$$libinit$$0000000C  c_w.l(libinit2.o)
    0x00000142   0x00000142   0x00000000   Code   RO          282    .ARM.Collect$$libinit$$0000000E  c_w.l(libinit2.o)
    0x00000142   0x00000142   0x00000000   Code   RO          285    .ARM.Collect$$libinit$$00000011  c_w.l(libinit2.o)
    0x00000142   0x00000142   0x00000000   Code   RO          287    .ARM.Collect$$libinit$$00000013  c_w.l(libinit2.o)
    0x00000142   0x00000142   0x00000000   Code   RO          289    .ARM.Collect$$libinit$$00000015  c_w.l(libinit2.o)
    0x00000142   0x00000142   0x00000000   Code   RO          291    .ARM.Collect$$libinit$$00000017  c_w.l(libinit2.o)
    0x00000142   0x00000142   0x00000000   Code   RO          293    .ARM.Collect$$libinit$$00000019  c_w.l(libinit2.o)
    0x00000142   0x00000142   0x00000000   Code   RO          295    .ARM.Collect$$libinit$$0000001B  c_w.l(libinit2.o)
    0x00000142   0x00000142   0x00000000   Code   RO          297    .ARM.Collect$$libinit$$0000001D  c_w.l(libinit2.o)
    0x00000142   0x00000142   0x00000000   Code   RO          299    .ARM.Collect$$libinit$$0000001F  c_w.l(libinit2.o)
    0x00000142   0x00000142   0x00000000   Code   RO          301    .ARM.Collect$$libinit$$00000021  c_w.l(libinit2.o)
    0x00000142   0x00000142   0x00000000   Code   RO          303    .ARM.Collect$$libinit$$00000023  c_w.l(libinit2.o)
    0x00000142   0x00000142   0x00000000   Code   RO          305    .ARM.Collect$$libinit$$00000025  c_w.l(libinit2.o)
    0x00000142   0x00000142   0x00000000   Code   RO          309    .ARM.Collect$$libinit$$0000002C  c_w.l(libinit2.o)
    0x00000142   0x00000142   0x00000000   Code   RO          311    .ARM.Collect$$libinit$$0000002E  c_w.l(libinit2.o)
    0x00000142   0x00000142   0x00000000   Code   RO          313    .ARM.Collect$$libinit$$00000030  c_w.l(libinit2.o)
    0x00000142   0x00000142   0x00000000   Code   RO          315    .ARM.Collect$$libinit$$00000032  c_w.l(libinit2.o)
    0x00000142   0x00000142   0x00000002   Code   RO          316    .ARM.Collect$$libinit$$00000033  c_w.l(libinit2.o)
    0x00000144   0x00000144   0x00000002   Code   RO          336    .ARM.Collect$$libshutdown$$00000000  c_w.l(libshutdown.o)
    0x00000146   0x00000146   0x00000000   Code   RO          349    .ARM.Collect$$libshutdown$$00000002  c_w.l(libshutdown2.o)
    0x00000146   0x00000146   0x00000000   Code   RO          351    .ARM.Collect$$libshutdown$$00000004  c_w.l(libshutdown2.o)
    0x00000146   0x00000146   0x00000000   Code   RO          354    .ARM.Collect$$libshutdown$$00000007  c_w.l(libshutdown2.o)
    0x00000146   0x00000146   0x00000000   Code   RO          357    .ARM.Collect$$libshutdown$$0000000A  c_w.l(libshutdown2.o)
    0x00000146   0x00000146   0x00000000   Code   RO          359    .ARM.Collect$$libshutdown$$0000000C  c_w.l(libshutdown2.o)
    0x00000146   0x00000146   0x00000000   Code   RO          362    .ARM.Collect$$libshutdown$$0000000F  c_w.l(libshutdown2.o)
    0x00000146   0x00000146   0x00000002   Code   RO          363    .ARM.Collect$$libshutdown$$00000010  c_w.l(libshutdown2.o)
    0x00000148   0x00000148   0x00000000   Code   RO          241    .ARM.Collect$$rtentry$$00000000  c_w.l(__rtentry.o)
    0x00000148   0x00000148   0x00000000   Code   RO          243    .ARM.Collect$$rtentry$$00000002  c_w.l(__rtentry2.o)
    0x00000148   0x00000148   0x00000006   Code   RO          255    .ARM.Collect$$rtentry$$00000004  c_w.l(__rtentry4.o)
    0x0000014e   0x0000014e   0x00000000   Code   RO          245    .ARM.Collect$$rtentry$$00000009  c_w.l(__rtentry2.o)
    0x0000014e   0x0000014e   0x00000004   Code   RO          246    .ARM.Collect$$rtentry$$0000000A  c_w.l(__rtentry2.o)
    0x00000152   0x00000152   0x00000000   Code   RO          248    .ARM.Collect$$rtentry$$0000000C  c_w.l(__rtentry2.o)
    0x00000152   0x00000152   0x00000008   Code   RO          249    .ARM.Collect$$rtentry$$0000000D  c_w.l(__rtentry2.o)
    0x0000015a   0x0000015a   0x00000002   Code   RO          270    .ARM.Collect$$rtexit$$00000000  c_w.l(rtexit.o)
    0x0000015c   0x0000015c   0x00000000   Code   RO          318    .ARM.Collect$$rtexit$$00000002  c_w.l(rtexit2.o)
    0x0000015c   0x0000015c   0x00000004   Code   RO          319    .ARM.Collect$$rtexit$$00000003  c_w.l(rtexit2.o)
    0x00000160   0x00000160   0x00000006   Code   RO          320    .ARM.Collect$$rtexit$$00000004  c_w.l(rtexit2.o)
    0x00000166   0x00000166   0x00000002   PAD
    0x00000168   0x00000168   0x0000034c   Code   RO            1    .text               usbcore.o
    0x000004b4   0x000004b4   0x0000090c   Code   RO          102    .text               usbhw.o
    0x00000dc0   0x00000dc0   0x0000008c   Code   RO          141    .text               usbuser.o
    0x00000e4c   0x00000e4c   0x00000818   Code   RO          164    .text               mscuser.o
    0x00001664   0x00001664   0x00000030   Code   RO          181    .text               memory.o
    0x00001694   0x00001694   0x0000003c   Code   RO          200    .text               startup_lpc17xx.o
    0x000016d0   0x000016d0   0x00000238   Code   RO          217    .text               system_lpc17xx.o
    0x00001908   0x00001908   0x00000006   Code   RO          237    .text               c_w.l(heapauxi.o)
    0x0000190e   0x0000190e   0x0000004a   Code   RO          257    .text               c_w.l(sys_stackheap_outer.o)
    0x00001958   0x00001958   0x00000012   Code   RO          259    .text               c_w.l(exit.o)
    0x0000196a   0x0000196a   0x00000002   PAD
    0x0000196c   0x0000196c   0x00000008   Code   RO          267    .text               c_w.l(libspace.o)
    0x00001974   0x00001974   0x0000000c   Code   RO          328    .text               c_w.l(sys_exit.o)
    0x00001980   0x00001980   0x00000002   Code   RO          339    .text               c_w.l(use_no_semi.o)
    0x00001982   0x00001982   0x00000000   Code   RO          341    .text               c_w.l(indicate_semi.o)
    0x00001982   0x00001982   0x00000002   PAD
    0x00001984   0x00001984   0x000000b8   Code   RO           26    i.USB_ReqGetDescriptor  usbcore.o
    0x00001a3c   0x00001a3c   0x000000c0   Code   RO           14    i.USB_ReqGetStatus  usbcore.o
    0x00001afc   0x00001afc   0x00000118   Code   RO           20    i.USB_ReqSetClrFeature  usbcore.o
    0x00001c14   0x00001c14   0x000001c0   Code   RO           32    i.USB_ReqSetConfiguration  usbcore.o
    0x00001dd4   0x00001dd4   0x00000144   Code   RO           38    i.USB_ReqSetInterface  usbcore.o
    0x00001f18   0x00001f18   0x000000a3   Data   RO           90    .constdata          usbdesc.o
    0x00001fbb   0x00001fbb   0x00000001   PAD
    0x00001fbc   0x00001fbc   0x00000010   Data   RO          104    .constdata          usbhw.o
    0x00001fcc   0x00001fcc   0x00000040   Data   RO          142    .constdata          usbuser.o
    0x0000200c   0x0000200c   0x00001000   Data   RO          205    .constdata          diskimg.o
    0x0000300c   0x0000300c   0x00000030   Data   RO          394    Region$$Table       anon$$obj.o


    Execution Region RW_IRAM1 (Exec base: 0x10000000, Load base: 0x0000303c, Size: 0x00002000, Max: 0x00008000, ABSOLUTE)

    Exec Addr    Load Addr    Size         Type   Attr      Idx    E Section Name        Object

    0x10000000        -       0x00002000   Zero   RW          165    .bss                mscuser.o


    Execution Region RW_IRAM2 (Exec base: 0x2007c000, Load base: 0x0000303c, Size: 0x000005bc, Max: 0x00008000, ABSOLUTE)

    Exec Addr    Load Addr    Size         Type   Attr      Idx    E Section Name        Object

    0x2007c000   0x0000303c   0x00000030   Data   RW            2    .data               usbcore.o
    0x2007c030   0x0000306c   0x00000008   Data   RW          105    .data               usbhw.o
    0x2007c038   0x00003074   0x0000000e   Data   RW          166    .data               mscuser.o
    0x2007c046   0x00003082   0x00000002   PAD
    0x2007c048   0x00003084   0x00000004   Data   RW          218    .data               system_lpc17xx.o
    0x2007c04c        -       0x00000080   Zero   RW          103    .bss                usbhw.o
    0x2007c0cc        -       0x00000060   Zero   RW          268    .bss                c_w.l(libspace.o)
    0x2007c12c   0x00003088   0x00000004   PAD
    0x2007c130        -       0x00000000   Zero   RW          198    HEAP                startup_lpc17xx.o
    0x2007c130        -       0x00000200   Zero   RW          197    STACK               startup_lpc17xx.o
    0x2007c330        -       0x00000220   Zero   RW          106    USB_RAM             usbhw.o
    0x2007c550        -       0x0000006c   Zero   RW          167    USB_RAM             mscuser.o


==============================================================================

Image component sizes


      Code (inc. data)   RO Data    RW Data    ZI Data      Debug   Object Name

         0          0       4096          0          0        424   diskimg.o
        48         10          0          0          0        443   memory.o
      2072         86          0         14       8300       5151   mscuser.o
        60         22        204          0        512        804   startup_lpc17xx.o
       568         24          0          4          0        997   system_lpc17xx.o
      2272        216          0         48          0      19941   usbcore.o
         0          0        163          0          0        637   usbdesc.o
      2316        150         16          8        672      29209   usbhw.o
       140         16         64          0          0       3299   usbuser.o

    ----------------------------------------------------------------------
      7476        524       4592         76       9484      60905   Object Totals
         0          0         48          0          0          0   (incl. Generated)
         0          0          1          2          0          0   (incl. Padding)

    ----------------------------------------------------------------------

      Code (inc. data)   RO Data    RW Data    ZI Data      Debug   Library Member Name

         8          0          0          0          0         68   __main.o
         0          0          0          0          0          0   __rtentry.o
        12          0          0          0          0          0   __rtentry2.o
         6          0          0          0          0          0   __rtentry4.o
        52          8          0          0          0          0   __scatter.o
        26          0          0          0          0          0   __scatter_copy.o
        28          0          0          0          0          0   __scatter_zi.o
        18          0          0          0          0         80   exit.o
         6          0          0          0          0        152   heapauxi.o
         0          0          0          0          0          0   indicate_semi.o
         2          0          0          0          0          0   libinit.o
         2          0          0          0          0          0   libinit2.o
         2          0          0          0          0          0   libshutdown.o
         2          0          0          0          0          0   libshutdown2.o
         8          4          0          0         96         68   libspace.o
         2          0          0          0          0          0   rtexit.o
        10          0          0          0          0          0   rtexit2.o
        12          4          0          0          0         68   sys_exit.o
        74          0          0          0          0         80   sys_stackheap_outer.o
         2          0          0          0          0         68   use_no_semi.o

    ----------------------------------------------------------------------
       280         16          0          0        100        584   Library Totals
         8          0          0          0          4          0   (incl. Padding)

    ----------------------------------------------------------------------

      Code (inc. data)   RO Data    RW Data    ZI Data      Debug   Library Name

       272         16          0          0         96        584   c_w.l

    ----------------------------------------------------------------------
       280         16          0          0        100        584   Library Totals

    ----------------------------------------------------------------------

==============================================================================


      Code (inc. data)   RO Data    RW Data    ZI Data      Debug   

      7756        540       4592         76       9584      60601   Grand Totals
      7756        540       4592         76       9584      60601   ELF Image Totals
      7756        540       4592         76          0          0   ROM Totals

==============================================================================

    Total RO  Size (Code + RO Data)                12348 (  12.06kB)
    Total RW  Size (RW Data + ZI Data)              9660 (   9.43kB)
    Total ROM Size (Code + RO Data + RW Data)      12424 (  12.13kB)

==============================================================================

